// Jest Snapshot v1, https://goo.gl/fbAQLP

exports[`Pruebas de componente AddCategory Debe de mostrarse correctamente 1`] = `
<Fragment>
  <form
    onSubmit={[Function]}
  >
    <h3>
       
    </h3>
    <input
      onChange={[Function]}
      type="text"
      value=""
    />
  </form>
</Fragment>
`;
